Analysis & Synthesis report for IPtelemetre
Tue Dec 17 09:48:36 2024
Quartus Prime Version 18.1.0 Build 625 09/12/2018 SJ Lite Edition


---------------------
; Table of Contents ;
---------------------
  1. Legal Notice
  2. Analysis & Synthesis Summary
  3. Analysis & Synthesis Settings
  4. Parallel Compilation
  5. Analysis & Synthesis Source Files Read
  6. Analysis & Synthesis Resource Usage Summary
  7. Analysis & Synthesis Resource Utilization by Entity
  8. State Machine - |IPtelemetre|State
  9. General Register Statistics
 10. Multiplexer Restructuring Statistics (Restructuring Performed)
 11. Parameter Settings for Inferred Entity Instance: lpm_divide:Div0
 12. Post-Synthesis Netlist Statistics for Top Partition
 13. Elapsed Time Per Partition
 14. Analysis & Synthesis Messages



----------------
; Legal Notice ;
----------------
Copyright (C) 2018  Intel Corporation. All rights reserved.
Your use of Intel Corporation's design tools, logic functions 
and other software and tools, and its AMPP partner logic 
functions, and any output files from any of the foregoing 
(including device programming or simulation files), and any 
associated documentation or information are expressly subject 
to the terms and conditions of the Intel Program License 
Subscription Agreement, the Intel Quartus Prime License Agreement,
the Intel FPGA IP License Agreement, or other applicable license
agreement, including, without limitation, that your use is for
the sole purpose of programming logic devices manufactured by
Intel and sold by Intel or its authorized distributors.  Please
refer to the applicable agreement for further details.



+----------------------------------------------------------------------------------+
; Analysis & Synthesis Summary                                                     ;
+------------------------------------+---------------------------------------------+
; Analysis & Synthesis Status        ; Successful - Tue Dec 17 09:48:36 2024       ;
; Quartus Prime Version              ; 18.1.0 Build 625 09/12/2018 SJ Lite Edition ;
; Revision Name                      ; IPtelemetre                                 ;
; Top-level Entity Name              ; IPtelemetre                                 ;
; Family                             ; MAX 10                                      ;
; Total logic elements               ; 1,091                                       ;
;     Total combinational functions  ; 1,057                                       ;
;     Dedicated logic registers      ; 136                                         ;
; Total registers                    ; 136                                         ;
; Total pins                         ; 48                                          ;
; Total virtual pins                 ; 0                                           ;
; Total memory bits                  ; 0                                           ;
; Embedded Multiplier 9-bit elements ; 0                                           ;
; Total PLLs                         ; 0                                           ;
; UFM blocks                         ; 0                                           ;
; ADC blocks                         ; 0                                           ;
+------------------------------------+---------------------------------------------+


+------------------------------------------------------------------------------------------------------------+
; Analysis & Synthesis Settings                                                                              ;
+------------------------------------------------------------------+--------------------+--------------------+
; Option                                                           ; Setting            ; Default Value      ;
+------------------------------------------------------------------+--------------------+--------------------+
; Device                                                           ; 10M50DAF484C7G     ;                    ;
; Top-level entity name                                            ; IPtelemetre        ; IPtelemetre        ;
; Family name                                                      ; MAX 10             ; Cyclone V          ;
; Use smart compilation                                            ; Off                ; Off                ;
; Enable parallel Assembler and Timing Analyzer during compilation ; On                 ; On                 ;
; Enable compact report table                                      ; Off                ; Off                ;
; Restructure Multiplexers                                         ; Auto               ; Auto               ;
; Create Debugging Nodes for IP Cores                              ; Off                ; Off                ;
; Preserve fewer node names                                        ; On                 ; On                 ;
; Intel FPGA IP Evaluation Mode                                    ; Enable             ; Enable             ;
; Verilog Version                                                  ; Verilog_2001       ; Verilog_2001       ;
; VHDL Version                                                     ; VHDL_1993          ; VHDL_1993          ;
; State Machine Processing                                         ; Auto               ; Auto               ;
; Safe State Machine                                               ; Off                ; Off                ;
; Extract Verilog State Machines                                   ; On                 ; On                 ;
; Extract VHDL State Machines                                      ; On                 ; On                 ;
; Ignore Verilog initial constructs                                ; Off                ; Off                ;
; Iteration limit for constant Verilog loops                       ; 5000               ; 5000               ;
; Iteration limit for non-constant Verilog loops                   ; 250                ; 250                ;
; Add Pass-Through Logic to Inferred RAMs                          ; On                 ; On                 ;
; Infer RAMs from Raw Logic                                        ; On                 ; On                 ;
; Parallel Synthesis                                               ; On                 ; On                 ;
; DSP Block Balancing                                              ; Auto               ; Auto               ;
; NOT Gate Push-Back                                               ; On                 ; On                 ;
; Power-Up Don't Care                                              ; On                 ; On                 ;
; Remove Redundant Logic Cells                                     ; Off                ; Off                ;
; Remove Duplicate Registers                                       ; On                 ; On                 ;
; Ignore CARRY Buffers                                             ; Off                ; Off                ;
; Ignore CASCADE Buffers                                           ; Off                ; Off                ;
; Ignore GLOBAL Buffers                                            ; Off                ; Off                ;
; Ignore ROW GLOBAL Buffers                                        ; Off                ; Off                ;
; Ignore LCELL Buffers                                             ; Off                ; Off                ;
; Ignore SOFT Buffers                                              ; On                 ; On                 ;
; Limit AHDL Integers to 32 Bits                                   ; Off                ; Off                ;
; Optimization Technique                                           ; Balanced           ; Balanced           ;
; Carry Chain Length                                               ; 70                 ; 70                 ;
; Auto Carry Chains                                                ; On                 ; On                 ;
; Auto Open-Drain Pins                                             ; On                 ; On                 ;
; Perform WYSIWYG Primitive Resynthesis                            ; Off                ; Off                ;
; Auto ROM Replacement                                             ; On                 ; On                 ;
; Auto RAM Replacement                                             ; On                 ; On                 ;
; Auto DSP Block Replacement                                       ; On                 ; On                 ;
; Auto Shift Register Replacement                                  ; Auto               ; Auto               ;
; Allow Shift Register Merging across Hierarchies                  ; Auto               ; Auto               ;
; Auto Clock Enable Replacement                                    ; On                 ; On                 ;
; Strict RAM Replacement                                           ; Off                ; Off                ;
; Allow Synchronous Control Signals                                ; On                 ; On                 ;
; Force Use of Synchronous Clear Signals                           ; Off                ; Off                ;
; Auto RAM Block Balancing                                         ; On                 ; On                 ;
; Auto RAM to Logic Cell Conversion                                ; Off                ; Off                ;
; Auto Resource Sharing                                            ; Off                ; Off                ;
; Allow Any RAM Size For Recognition                               ; Off                ; Off                ;
; Allow Any ROM Size For Recognition                               ; Off                ; Off                ;
; Allow Any Shift Register Size For Recognition                    ; Off                ; Off                ;
; Use LogicLock Constraints during Resource Balancing              ; On                 ; On                 ;
; Ignore translate_off and synthesis_off directives                ; Off                ; Off                ;
; Timing-Driven Synthesis                                          ; On                 ; On                 ;
; Report Parameter Settings                                        ; On                 ; On                 ;
; Report Source Assignments                                        ; On                 ; On                 ;
; Report Connectivity Checks                                       ; On                 ; On                 ;
; Ignore Maximum Fan-Out Assignments                               ; Off                ; Off                ;
; Synchronization Register Chain Length                            ; 2                  ; 2                  ;
; Power Optimization During Synthesis                              ; Normal compilation ; Normal compilation ;
; HDL message level                                                ; Level2             ; Level2             ;
; Suppress Register Optimization Related Messages                  ; Off                ; Off                ;
; Number of Removed Registers Reported in Synthesis Report         ; 5000               ; 5000               ;
; Number of Swept Nodes Reported in Synthesis Report               ; 5000               ; 5000               ;
; Number of Inverted Registers Reported in Synthesis Report        ; 100                ; 100                ;
; Clock MUX Protection                                             ; On                 ; On                 ;
; Auto Gated Clock Conversion                                      ; Off                ; Off                ;
; Block Design Naming                                              ; Auto               ; Auto               ;
; SDC constraint protection                                        ; Off                ; Off                ;
; Synthesis Effort                                                 ; Auto               ; Auto               ;
; Shift Register Replacement - Allow Asynchronous Clear Signal     ; On                 ; On                 ;
; Pre-Mapping Resynthesis Optimization                             ; Off                ; Off                ;
; Analysis & Synthesis Message Level                               ; Medium             ; Medium             ;
; Disable Register Merging Across Hierarchies                      ; Auto               ; Auto               ;
; Resource Aware Inference For Block RAM                           ; On                 ; On                 ;
+------------------------------------------------------------------+--------------------+--------------------+


+------------------------------------------+
; Parallel Compilation                     ;
+----------------------------+-------------+
; Processors                 ; Number      ;
+----------------------------+-------------+
; Number detected on machine ; 16          ;
; Maximum allowed            ; 16          ;
;                            ;             ;
; Average used               ; 1.00        ;
; Maximum used               ; 16          ;
;                            ;             ;
; Usage by Processor         ; % Time Used ;
;     Processor 1            ; 100.0%      ;
;     Processors 2-16        ;   0.0%      ;
+----------------------------+-------------+


+----------------------------------------------------------------------------------------------------------------------------------------------------------------------+
; Analysis & Synthesis Source Files Read                                                                                                                               ;
+----------------------------------+-----------------+------------------------------+------------------------------------------------------------------------+---------+
; File Name with User-Entered Path ; Used in Netlist ; File Type                    ; File Name with Absolute Path                                           ; Library ;
+----------------------------------+-----------------+------------------------------+------------------------------------------------------------------------+---------+
; ../telemetre/IPtelemetre.vhd     ; yes             ; User VHDL File               ; D:/2DRadar/telemetre/IPtelemetre.vhd                                   ;         ;
; lpm_divide.tdf                   ; yes             ; Megafunction                 ; d:/quartus/quartus/quartus/libraries/megafunctions/lpm_divide.tdf      ;         ;
; abs_divider.inc                  ; yes             ; Megafunction                 ; d:/quartus/quartus/quartus/libraries/megafunctions/abs_divider.inc     ;         ;
; sign_div_unsign.inc              ; yes             ; Megafunction                 ; d:/quartus/quartus/quartus/libraries/megafunctions/sign_div_unsign.inc ;         ;
; aglobal181.inc                   ; yes             ; Megafunction                 ; d:/quartus/quartus/quartus/libraries/megafunctions/aglobal181.inc      ;         ;
; db/lpm_divide_uco.tdf            ; yes             ; Auto-Generated Megafunction  ; D:/2DRadar/tele/db/lpm_divide_uco.tdf                                  ;         ;
; db/abs_divider_3dg.tdf           ; yes             ; Auto-Generated Megafunction  ; D:/2DRadar/tele/db/abs_divider_3dg.tdf                                 ;         ;
; db/alt_u_div_qke.tdf             ; yes             ; Auto-Generated Megafunction  ; D:/2DRadar/tele/db/alt_u_div_qke.tdf                                   ;         ;
; db/add_sub_t3c.tdf               ; yes             ; Auto-Generated Megafunction  ; D:/2DRadar/tele/db/add_sub_t3c.tdf                                     ;         ;
; db/add_sub_u3c.tdf               ; yes             ; Auto-Generated Megafunction  ; D:/2DRadar/tele/db/add_sub_u3c.tdf                                     ;         ;
; db/lpm_abs_7b9.tdf               ; yes             ; Auto-Generated Megafunction  ; D:/2DRadar/tele/db/lpm_abs_7b9.tdf                                     ;         ;
; db/lpm_abs_8b9.tdf               ; yes             ; Auto-Generated Megafunction  ; D:/2DRadar/tele/db/lpm_abs_8b9.tdf                                     ;         ;
+----------------------------------+-----------------+------------------------------+------------------------------------------------------------------------+---------+


+---------------------------------------------------------+
; Analysis & Synthesis Resource Usage Summary             ;
+---------------------------------------------+-----------+
; Resource                                    ; Usage     ;
+---------------------------------------------+-----------+
; Estimated Total logic elements              ; 1,091     ;
;                                             ;           ;
; Total combinational functions               ; 1057      ;
; Logic element usage by number of LUT inputs ;           ;
;     -- 4 input functions                    ; 320       ;
;     -- 3 input functions                    ; 289       ;
;     -- <=2 input functions                  ; 448       ;
;                                             ;           ;
; Logic elements by mode                      ;           ;
;     -- normal mode                          ; 664       ;
;     -- arithmetic mode                      ; 393       ;
;                                             ;           ;
; Total registers                             ; 136       ;
;     -- Dedicated logic registers            ; 136       ;
;     -- I/O registers                        ; 0         ;
;                                             ;           ;
; I/O pins                                    ; 48        ;
;                                             ;           ;
; Embedded Multiplier 9-bit elements          ; 0         ;
;                                             ;           ;
; Maximum fan-out node                        ; CLK~input ;
; Maximum fan-out                             ; 136       ;
; Total fan-out                               ; 3697      ;
; Average fan-out                             ; 2.87      ;
+---------------------------------------------+-----------+


+-----------------------------------------------------------------------------------------------------------------------------------------------------------------------------------------------------------------------------------------------------------------------------------------------------------------------------------------+
; Analysis & Synthesis Resource Utilization by Entity                                                                                                                                                                                                                                                                                     ;
+---------------------------------------+---------------------+---------------------------+-------------+------------+--------------+---------+-----------+------+--------------+------------+-----------------------------------------------------------------------------------------------------------+-----------------+--------------+
; Compilation Hierarchy Node            ; Combinational ALUTs ; Dedicated Logic Registers ; Memory Bits ; UFM Blocks ; DSP Elements ; DSP 9x9 ; DSP 18x18 ; Pins ; Virtual Pins ; ADC blocks ; Full Hierarchy Name                                                                                       ; Entity Name     ; Library Name ;
+---------------------------------------+---------------------+---------------------------+-------------+------------+--------------+---------+-----------+------+--------------+------------+-----------------------------------------------------------------------------------------------------------+-----------------+--------------+
; |IPtelemetre                          ; 1057 (156)          ; 136 (136)                 ; 0           ; 0          ; 0            ; 0       ; 0         ; 48   ; 0            ; 0          ; |IPtelemetre                                                                                              ; IPtelemetre     ; work         ;
;    |lpm_divide:Div0|                  ; 901 (0)             ; 0 (0)                     ; 0           ; 0          ; 0            ; 0       ; 0         ; 0    ; 0            ; 0          ; |IPtelemetre|lpm_divide:Div0                                                                              ; lpm_divide      ; work         ;
;       |lpm_divide_uco:auto_generated| ; 901 (0)             ; 0 (0)                     ; 0           ; 0          ; 0            ; 0       ; 0         ; 0    ; 0            ; 0          ; |IPtelemetre|lpm_divide:Div0|lpm_divide_uco:auto_generated                                                ; lpm_divide_uco  ; work         ;
;          |abs_divider_3dg:divider|    ; 901 (20)            ; 0 (0)                     ; 0           ; 0          ; 0            ; 0       ; 0         ; 0    ; 0            ; 0          ; |IPtelemetre|lpm_divide:Div0|lpm_divide_uco:auto_generated|abs_divider_3dg:divider                        ; abs_divider_3dg ; work         ;
;             |alt_u_div_qke:divider|   ; 830 (830)           ; 0 (0)                     ; 0           ; 0          ; 0            ; 0       ; 0         ; 0    ; 0            ; 0          ; |IPtelemetre|lpm_divide:Div0|lpm_divide_uco:auto_generated|abs_divider_3dg:divider|alt_u_div_qke:divider  ; alt_u_div_qke   ; work         ;
;             |lpm_abs_8b9:my_abs_num|  ; 51 (51)             ; 0 (0)                     ; 0           ; 0          ; 0            ; 0       ; 0         ; 0    ; 0            ; 0          ; |IPtelemetre|lpm_divide:Div0|lpm_divide_uco:auto_generated|abs_divider_3dg:divider|lpm_abs_8b9:my_abs_num ; lpm_abs_8b9     ; work         ;
+---------------------------------------+---------------------+---------------------------+-------------+------------+--------------+---------+-----------+------+--------------+------------+-----------------------------------------------------------------------------------------------------------+-----------------+--------------+
Note: For table entries with two numbers listed, the numbers in parentheses indicate the number of resources of the given type used by the specific entity alone. The numbers listed outside of parentheses indicate the total resources of the given type used by the specific entity and all of its sub-entities in the hierarchy.


Encoding Type:  One-Hot
+-------------------------------------------------------------------------+
; State Machine - |IPtelemetre|State                                      ;
+------------+-----------+-----------+-----------+-----------+------------+
; Name       ; State.Go4 ; State.Go3 ; State.Go2 ; State.Go1 ; State.Init ;
+------------+-----------+-----------+-----------+-----------+------------+
; State.Init ; 0         ; 0         ; 0         ; 0         ; 0          ;
; State.Go1  ; 0         ; 0         ; 0         ; 1         ; 1          ;
; State.Go2  ; 0         ; 0         ; 1         ; 0         ; 1          ;
; State.Go3  ; 0         ; 1         ; 0         ; 0         ; 1          ;
; State.Go4  ; 1         ; 0         ; 0         ; 0         ; 1          ;
+------------+-----------+-----------+-----------+-----------+------------+


+------------------------------------------------------+
; General Register Statistics                          ;
+----------------------------------------------+-------+
; Statistic                                    ; Value ;
+----------------------------------------------+-------+
; Total registers                              ; 136   ;
; Number of registers using Synchronous Clear  ; 96    ;
; Number of registers using Synchronous Load   ; 0     ;
; Number of registers using Asynchronous Clear ; 134   ;
; Number of registers using Asynchronous Load  ; 0     ;
; Number of registers using Clock Enable       ; 130   ;
; Number of registers using Preset             ; 0     ;
+----------------------------------------------+-------+


+------------------------------------------------------------------------------------------------------------------------------------------+
; Multiplexer Restructuring Statistics (Restructuring Performed)                                                                           ;
+--------------------+-----------+---------------+----------------------+------------------------+------------+----------------------------+
; Multiplexer Inputs ; Bus Width ; Baseline Area ; Area if Restructured ; Saving if Restructured ; Registered ; Example Multiplexer Output ;
+--------------------+-----------+---------------+----------------------+------------------------+------------+----------------------------+
; 5:1                ; 32 bits   ; 96 LEs        ; 32 LEs               ; 64 LEs                 ; Yes        ; |IPtelemetre|cnt_trig[19]  ;
; 7:1                ; 32 bits   ; 128 LEs       ; 32 LEs               ; 96 LEs                 ; Yes        ; |IPtelemetre|cnt_dist1[18] ;
; 6:1                ; 32 bits   ; 128 LEs       ; 32 LEs               ; 96 LEs                 ; Yes        ; |IPtelemetre|cnt_total[14] ;
; 10:1               ; 5 bits    ; 30 LEs        ; 20 LEs               ; 10 LEs                 ; No         ; |IPtelemetre|Selector2     ;
+--------------------+-----------+---------------+----------------------+------------------------+------------+----------------------------+


+------------------------------------------------------------------+
; Parameter Settings for Inferred Entity Instance: lpm_divide:Div0 ;
+------------------------+----------------+------------------------+
; Parameter Name         ; Value          ; Type                   ;
+------------------------+----------------+------------------------+
; LPM_WIDTHN             ; 32             ; Untyped                ;
; LPM_WIDTHD             ; 13             ; Untyped                ;
; LPM_NREPRESENTATION    ; SIGNED         ; Untyped                ;
; LPM_DREPRESENTATION    ; SIGNED         ; Untyped                ;
; LPM_PIPELINE           ; 0              ; Untyped                ;
; LPM_REMAINDERPOSITIVE  ; FALSE          ; Untyped                ;
; MAXIMIZE_SPEED         ; 5              ; Untyped                ;
; CBXI_PARAMETER         ; lpm_divide_uco ; Untyped                ;
; CARRY_CHAIN            ; MANUAL         ; Untyped                ;
; OPTIMIZE_FOR_SPEED     ; 5              ; Untyped                ;
; AUTO_CARRY_CHAINS      ; ON             ; AUTO_CARRY             ;
; IGNORE_CARRY_BUFFERS   ; OFF            ; IGNORE_CARRY           ;
; AUTO_CASCADE_CHAINS    ; ON             ; AUTO_CASCADE           ;
; IGNORE_CASCADE_BUFFERS ; OFF            ; IGNORE_CASCADE         ;
+------------------------+----------------+------------------------+
Note: In order to hide this table in the UI and the text report file, please set the "Show Parameter Settings in Synthesis Report" option in "Analysis and Synthesis Settings -> More Settings" to "Off".


+-----------------------------------------------------+
; Post-Synthesis Netlist Statistics for Top Partition ;
+-----------------------+-----------------------------+
; Type                  ; Count                       ;
+-----------------------+-----------------------------+
; boundary_port         ; 48                          ;
; cycloneiii_ff         ; 136                         ;
;     CLR               ; 6                           ;
;     ENA               ; 2                           ;
;     ENA CLR           ; 32                          ;
;     ENA CLR SCLR      ; 96                          ;
; cycloneiii_lcell_comb ; 1058                        ;
;     arith             ; 393                         ;
;         2 data inputs ; 134                         ;
;         3 data inputs ; 259                         ;
;     normal            ; 665                         ;
;         0 data inputs ; 22                          ;
;         1 data inputs ; 5                           ;
;         2 data inputs ; 288                         ;
;         3 data inputs ; 30                          ;
;         4 data inputs ; 320                         ;
;                       ;                             ;
; Max LUT depth         ; 84.10                       ;
; Average LUT depth     ; 64.05                       ;
+-----------------------+-----------------------------+


+-------------------------------+
; Elapsed Time Per Partition    ;
+----------------+--------------+
; Partition Name ; Elapsed Time ;
+----------------+--------------+
; Top            ; 00:00:01     ;
+----------------+--------------+


+-------------------------------+
; Analysis & Synthesis Messages ;
+-------------------------------+
Info: *******************************************************************
Info: Running Quartus Prime Analysis & Synthesis
    Info: Version 18.1.0 Build 625 09/12/2018 SJ Lite Edition
    Info: Processing started: Tue Dec 17 09:48:23 2024
Info: Command: quartus_map --read_settings_files=on --write_settings_files=off IPtelemetre -c IPtelemetre
Warning (18236): Number of processors has not been specified which may cause overloading on shared machines.  Set the global assignment NUM_PARALLEL_PROCESSORS in your QSF to an appropriate value for best performance.
Info (20030): Parallel compilation is enabled and will use 16 of the 16 processors detected
Info (12021): Found 2 design units, including 1 entities, in source file /2dradar/telemetre/iptelemetre.vhd
    Info (12022): Found design unit 1: IPtelemetre-RTL File: D:/2DRadar/telemetre/IPtelemetre.vhd Line: 18
    Info (12023): Found entity 1: IPtelemetre File: D:/2DRadar/telemetre/IPtelemetre.vhd Line: 5
Info (12127): Elaborating entity "IPtelemetre" for the top level hierarchy
Info (278001): Inferred 1 megafunctions from design logic
    Info (278004): Inferred divider/modulo megafunction ("lpm_divide") from the following logic: "Div0" File: D:/2DRadar/telemetre/IPtelemetre.vhd Line: 29
Info (12130): Elaborated megafunction instantiation "lpm_divide:Div0" File: D:/2DRadar/telemetre/IPtelemetre.vhd Line: 29
Info (12133): Instantiated megafunction "lpm_divide:Div0" with the following parameter: File: D:/2DRadar/telemetre/IPtelemetre.vhd Line: 29
    Info (12134): Parameter "LPM_WIDTHN" = "32"
    Info (12134): Parameter "LPM_WIDTHD" = "13"
    Info (12134): Parameter "LPM_NREPRESENTATION" = "SIGNED"
    Info (12134): Parameter "LPM_DREPRESENTATION" = "SIGNED"
    Info (12134): Parameter "LPM_HINT" = "LPM_REMAINDERPOSITIVE=FALSE"
Info (12021): Found 1 design units, including 1 entities, in source file db/lpm_divide_uco.tdf
    Info (12023): Found entity 1: lpm_divide_uco File: D:/2DRadar/tele/db/lpm_divide_uco.tdf Line: 24
Info (12021): Found 1 design units, including 1 entities, in source file db/abs_divider_3dg.tdf
    Info (12023): Found entity 1: abs_divider_3dg File: D:/2DRadar/tele/db/abs_divider_3dg.tdf Line: 28
Info (12021): Found 1 design units, including 1 entities, in source file db/alt_u_div_qke.tdf
    Info (12023): Found entity 1: alt_u_div_qke File: D:/2DRadar/tele/db/alt_u_div_qke.tdf Line: 26
Info (12021): Found 1 design units, including 1 entities, in source file db/add_sub_t3c.tdf
    Info (12023): Found entity 1: add_sub_t3c File: D:/2DRadar/tele/db/add_sub_t3c.tdf Line: 22
Info (12021): Found 1 design units, including 1 entities, in source file db/add_sub_u3c.tdf
    Info (12023): Found entity 1: add_sub_u3c File: D:/2DRadar/tele/db/add_sub_u3c.tdf Line: 22
Info (12021): Found 1 design units, including 1 entities, in source file db/lpm_abs_7b9.tdf
    Info (12023): Found entity 1: lpm_abs_7b9 File: D:/2DRadar/tele/db/lpm_abs_7b9.tdf Line: 24
Info (12021): Found 1 design units, including 1 entities, in source file db/lpm_abs_8b9.tdf
    Info (12023): Found entity 1: lpm_abs_8b9 File: D:/2DRadar/tele/db/lpm_abs_8b9.tdf Line: 24
Info (13014): Ignored 31 buffer(s)
    Info (13016): Ignored 31 CARRY_SUM buffer(s)
Warning (13024): Output pins are stuck at VCC or GND
    Warning (13410): Pin "readdata[10]" is stuck at GND File: D:/2DRadar/telemetre/IPtelemetre.vhd Line: 14
    Warning (13410): Pin "readdata[11]" is stuck at GND File: D:/2DRadar/telemetre/IPtelemetre.vhd Line: 14
    Warning (13410): Pin "readdata[12]" is stuck at GND File: D:/2DRadar/telemetre/IPtelemetre.vhd Line: 14
    Warning (13410): Pin "readdata[13]" is stuck at GND File: D:/2DRadar/telemetre/IPtelemetre.vhd Line: 14
    Warning (13410): Pin "readdata[14]" is stuck at GND File: D:/2DRadar/telemetre/IPtelemetre.vhd Line: 14
    Warning (13410): Pin "readdata[15]" is stuck at GND File: D:/2DRadar/telemetre/IPtelemetre.vhd Line: 14
    Warning (13410): Pin "readdata[16]" is stuck at GND File: D:/2DRadar/telemetre/IPtelemetre.vhd Line: 14
    Warning (13410): Pin "readdata[17]" is stuck at GND File: D:/2DRadar/telemetre/IPtelemetre.vhd Line: 14
    Warning (13410): Pin "readdata[18]" is stuck at GND File: D:/2DRadar/telemetre/IPtelemetre.vhd Line: 14
    Warning (13410): Pin "readdata[19]" is stuck at GND File: D:/2DRadar/telemetre/IPtelemetre.vhd Line: 14
    Warning (13410): Pin "readdata[20]" is stuck at GND File: D:/2DRadar/telemetre/IPtelemetre.vhd Line: 14
    Warning (13410): Pin "readdata[21]" is stuck at GND File: D:/2DRadar/telemetre/IPtelemetre.vhd Line: 14
    Warning (13410): Pin "readdata[22]" is stuck at GND File: D:/2DRadar/telemetre/IPtelemetre.vhd Line: 14
    Warning (13410): Pin "readdata[23]" is stuck at GND File: D:/2DRadar/telemetre/IPtelemetre.vhd Line: 14
    Warning (13410): Pin "readdata[24]" is stuck at GND File: D:/2DRadar/telemetre/IPtelemetre.vhd Line: 14
    Warning (13410): Pin "readdata[25]" is stuck at GND File: D:/2DRadar/telemetre/IPtelemetre.vhd Line: 14
    Warning (13410): Pin "readdata[26]" is stuck at GND File: D:/2DRadar/telemetre/IPtelemetre.vhd Line: 14
    Warning (13410): Pin "readdata[27]" is stuck at GND File: D:/2DRadar/telemetre/IPtelemetre.vhd Line: 14
    Warning (13410): Pin "readdata[28]" is stuck at GND File: D:/2DRadar/telemetre/IPtelemetre.vhd Line: 14
    Warning (13410): Pin "readdata[29]" is stuck at GND File: D:/2DRadar/telemetre/IPtelemetre.vhd Line: 14
    Warning (13410): Pin "readdata[30]" is stuck at GND File: D:/2DRadar/telemetre/IPtelemetre.vhd Line: 14
    Warning (13410): Pin "readdata[31]" is stuck at GND File: D:/2DRadar/telemetre/IPtelemetre.vhd Line: 14
Info (286030): Timing-Driven Synthesis is running
Info (16010): Generating hard_block partition "hard_block:auto_generated_inst"
    Info (16011): Adding 0 node(s), including 0 DDIO, 0 PLL, 0 transceiver and 0 LCELL
Info (21057): Implemented 1139 device resources after synthesis - the final resource count might be different
    Info (21058): Implemented 5 input pins
    Info (21059): Implemented 43 output pins
    Info (21061): Implemented 1091 logic cells
Info: Quartus Prime Analysis & Synthesis was successful. 0 errors, 24 warnings
    Info: Peak virtual memory: 4875 megabytes
    Info: Processing ended: Tue Dec 17 09:48:36 2024
    Info: Elapsed time: 00:00:13
    Info: Total CPU time (on all processors): 00:00:08


